============================= test session starts ==============================
platform linux -- Python 3.11.15, pytest-9.0.3, pluggy-1.6.0
rootdir: /app
plugins: asyncio-1.3.0, langsmith-0.7.32, anyio-4.13.0
asyncio: mode=Mode.STRICT, debug=False, asyncio_default_fixture_loop_scope=None, asyncio_default_test_loop_scope=function
collected 84 items

tests/security/test_laws_security.py .....                               [  5%]
tests/test_client_migration_routes.py ......                             [ 13%]
tests/test_counsel_engine.py ......                                      [ 20%]
tests/test_debate_schemas.py ....                                        [ 25%]
tests/test_empty_output_guard.py ........                                [ 34%]
tests/test_law_citation_parser.py .                                      [ 35%]
tests/test_law_cutover.py ...                                            [ 39%]
tests/test_law_seed.py .                                                 [ 40%]
tests/test_law_service.py ......                                         [ 47%]
tests/test_negotiation_issue_sync.py ....                                [ 52%]
tests/test_playbook_vector_contract.py FFFF                              [ 57%]
tests/test_rls_isolation.py sFFFF                                        [ 63%]
tests/test_tenant_isolation.py ..F........F.F....FFFFF                   [ 90%]
tests/test_tenant_supabase.py ........                                   [100%]

=================================== FAILURES ===================================
_______________ test_playbook_vector_payload_uses_tenant_id_only _______________

    def test_playbook_vector_payload_uses_tenant_id_only():
>       source = _read(PLAYBOOK_PATH)
                 ^^^^^^^^^^^^^^^^^^^^

tests/test_playbook_vector_contract.py:16: 
_ _ _ _ _ _ _ _ _ _ _ _ _ _ _ _ _ _ _ _ _ _ _ _ _ _ _ _ _ _ _ _ _ _ _ _ _ _ _ _ 
tests/test_playbook_vector_contract.py:12: in _read
    return path.read_text()
           ^^^^^^^^^^^^^^^^
/usr/local/lib/python3.11/pathlib.py:1058: in read_text
    with self.open(mode='r', encoding=encoding, errors=errors) as f:
         ^^^^^^^^^^^^^^^^^^^^^^^^^^^^^^^^^^^^^^^^^^^^^^^^^^^^^
_ _ _ _ _ _ _ _ _ _ _ _ _ _ _ _ _ _ _ _ _ _ _ _ _ _ _ _ _ _ _ _ _ _ _ _ _ _ _ _ 

self = PosixPath('/backend/app/routers/playbook.py'), mode = 'r', buffering = -1
encoding = 'locale', errors = None, newline = None

    def open(self, mode='r', buffering=-1, encoding=None,
             errors=None, newline=None):
        """
        Open the file pointed by this path and return a file object, as
        the built-in open() function does.
        """
        if "b" not in mode:
            encoding = io.text_encoding(encoding)
>       return io.open(self, mode, buffering, encoding, errors, newline)
               ^^^^^^^^^^^^^^^^^^^^^^^^^^^^^^^^^^^^^^^^^^^^^^^^^^^^^^^^^
E       FileNotFoundError: [Errno 2] No such file or directory: '/backend/app/routers/playbook.py'

/usr/local/lib/python3.11/pathlib.py:1044: FileNotFoundError
__________ test_playbook_vectorize_request_no_longer_requires_user_id __________

    def test_playbook_vectorize_request_no_longer_requires_user_id():
>       source = _read(SCHEMAS_PATH)
                 ^^^^^^^^^^^^^^^^^^^

tests/test_playbook_vector_contract.py:25: 
_ _ _ _ _ _ _ _ _ _ _ _ _ _ _ _ _ _ _ _ _ _ _ _ _ _ _ _ _ _ _ _ _ _ _ _ _ _ _ _ 
tests/test_playbook_vector_contract.py:12: in _read
    return path.read_text()
           ^^^^^^^^^^^^^^^^
/usr/local/lib/python3.11/pathlib.py:1058: in read_text
    with self.open(mode='r', encoding=encoding, errors=errors) as f:
         ^^^^^^^^^^^^^^^^^^^^^^^^^^^^^^^^^^^^^^^^^^^^^^^^^^^^^
_ _ _ _ _ _ _ _ _ _ _ _ _ _ _ _ _ _ _ _ _ _ _ _ _ _ _ _ _ _ _ _ _ _ _ _ _ _ _ _ 

self = PosixPath('/backend/app/schemas.py'), mode = 'r', buffering = -1
encoding = 'locale', errors = None, newline = None

    def open(self, mode='r', buffering=-1, encoding=None,
             errors=None, newline=None):
        """
        Open the file pointed by this path and return a file object, as
        the built-in open() function does.
        """
        if "b" not in mode:
            encoding = io.text_encoding(encoding)
>       return io.open(self, mode, buffering, encoding, errors, newline)
               ^^^^^^^^^^^^^^^^^^^^^^^^^^^^^^^^^^^^^^^^^^^^^^^^^^^^^^^^^
E       FileNotFoundError: [Errno 2] No such file or directory: '/backend/app/schemas.py'

/usr/local/lib/python3.11/pathlib.py:1044: FileNotFoundError
__________ test_negotiation_playbook_scroll_relies_on_tenant_wrapper ___________

    def test_negotiation_playbook_scroll_relies_on_tenant_wrapper():
>       source = _read(NEGOTIATION_PATH)
                 ^^^^^^^^^^^^^^^^^^^^^^^

tests/test_playbook_vector_contract.py:34: 
_ _ _ _ _ _ _ _ _ _ _ _ _ _ _ _ _ _ _ _ _ _ _ _ _ _ _ _ _ _ _ _ _ _ _ _ _ _ _ _ 
tests/test_playbook_vector_contract.py:12: in _read
    return path.read_text()
           ^^^^^^^^^^^^^^^^
/usr/local/lib/python3.11/pathlib.py:1058: in read_text
    with self.open(mode='r', encoding=encoding, errors=errors) as f:
         ^^^^^^^^^^^^^^^^^^^^^^^^^^^^^^^^^^^^^^^^^^^^^^^^^^^^^
_ _ _ _ _ _ _ _ _ _ _ _ _ _ _ _ _ _ _ _ _ _ _ _ _ _ _ _ _ _ _ _ _ _ _ _ _ _ _ _ 

self = PosixPath('/backend/app/routers/negotiation.py'), mode = 'r'
buffering = -1, encoding = 'locale', errors = None, newline = None

    def open(self, mode='r', buffering=-1, encoding=None,
             errors=None, newline=None):
        """
        Open the file pointed by this path and return a file object, as
        the built-in open() function does.
        """
        if "b" not in mode:
            encoding = io.text_encoding(encoding)
>       return io.open(self, mode, buffering, encoding, errors, newline)
               ^^^^^^^^^^^^^^^^^^^^^^^^^^^^^^^^^^^^^^^^^^^^^^^^^^^^^^^^^
E       FileNotFoundError: [Errno 2] No such file or directory: '/backend/app/routers/negotiation.py'

/usr/local/lib/python3.11/pathlib.py:1044: FileNotFoundError
__________ test_chat_clause_assistant_uses_contextual_retrieval_tools __________

    def test_chat_clause_assistant_uses_contextual_retrieval_tools():
>       source = _read(CHAT_PATH)
                 ^^^^^^^^^^^^^^^^

tests/test_playbook_vector_contract.py:46: 
_ _ _ _ _ _ _ _ _ _ _ _ _ _ _ _ _ _ _ _ _ _ _ _ _ _ _ _ _ _ _ _ _ _ _ _ _ _ _ _ 
tests/test_playbook_vector_contract.py:12: in _read
    return path.read_text()
           ^^^^^^^^^^^^^^^^
/usr/local/lib/python3.11/pathlib.py:1058: in read_text
    with self.open(mode='r', encoding=encoding, errors=errors) as f:
         ^^^^^^^^^^^^^^^^^^^^^^^^^^^^^^^^^^^^^^^^^^^^^^^^^^^^^
_ _ _ _ _ _ _ _ _ _ _ _ _ _ _ _ _ _ _ _ _ _ _ _ _ _ _ _ _ _ _ _ _ _ _ _ _ _ _ _ 

self = PosixPath('/backend/app/routers/chat.py'), mode = 'r', buffering = -1
encoding = 'locale', errors = None, newline = None

    def open(self, mode='r', buffering=-1, encoding=None,
             errors=None, newline=None):
        """
        Open the file pointed by this path and return a file object, as
        the built-in open() function does.
        """
        if "b" not in mode:
            encoding = io.text_encoding(encoding)
>       return io.open(self, mode, buffering, encoding, errors, newline)
               ^^^^^^^^^^^^^^^^^^^^^^^^^^^^^^^^^^^^^^^^^^^^^^^^^^^^^^^^^
E       FileNotFoundError: [Errno 2] No such file or directory: '/backend/app/routers/chat.py'

/usr/local/lib/python3.11/pathlib.py:1044: FileNotFoundError
_ RLSIsolationTests.test_migration_hardens_rls_with_force_and_clerk_claim_helpers _

self = <tests.test_rls_isolation.RLSIsolationTests testMethod=test_migration_hardens_rls_with_force_and_clerk_claim_helpers>

    def test_migration_hardens_rls_with_force_and_clerk_claim_helpers(self):
>       sql = MIGRATION_PATH.read_text()
              ^^^^^^^^^^^^^^^^^^^^^^^^^^

tests/test_rls_isolation.py:207: 
_ _ _ _ _ _ _ _ _ _ _ _ _ _ _ _ _ _ _ _ _ _ _ _ _ _ _ _ _ _ _ _ _ _ _ _ _ _ _ _ 
/usr/local/lib/python3.11/pathlib.py:1058: in read_text
    with self.open(mode='r', encoding=encoding, errors=errors) as f:
         ^^^^^^^^^^^^^^^^^^^^^^^^^^^^^^^^^^^^^^^^^^^^^^^^^^^^^
_ _ _ _ _ _ _ _ _ _ _ _ _ _ _ _ _ _ _ _ _ _ _ _ _ _ _ _ _ _ _ _ _ _ _ _ _ _ _ _ 

self = PosixPath('/backend/migrations/015_harden_clerk_rls.sql'), mode = 'r'
buffering = -1, encoding = 'locale', errors = None, newline = None

    def open(self, mode='r', buffering=-1, encoding=None,
             errors=None, newline=None):
        """
        Open the file pointed by this path and return a file object, as
        the built-in open() function does.
        """
        if "b" not in mode:
            encoding = io.text_encoding(encoding)
>       return io.open(self, mode, buffering, encoding, errors, newline)
               ^^^^^^^^^^^^^^^^^^^^^^^^^^^^^^^^^^^^^^^^^^^^^^^^^^^^^^^^^
E       FileNotFoundError: [Errno 2] No such file or directory: '/backend/migrations/015_harden_clerk_rls.sql'

/usr/local/lib/python3.11/pathlib.py:1044: FileNotFoundError
_ RLSIsolationTests.test_supabase_rls_client_forwards_clerk_jwt_via_anon_client _

self = <tests.test_rls_isolation.RLSIsolationTests testMethod=test_supabase_rls_client_forwards_clerk_jwt_via_anon_client>

    def test_supabase_rls_client_forwards_clerk_jwt_via_anon_client(self):
>       deps, _raw_qdrant, create_client_calls = load_dependencies_module()
                                                 ^^^^^^^^^^^^^^^^^^^^^^^^^^

tests/test_rls_isolation.py:165: 
_ _ _ _ _ _ _ _ _ _ _ _ _ _ _ _ _ _ _ _ _ _ _ _ _ _ _ _ _ _ _ _ _ _ _ _ _ _ _ _ 
tests/test_rls_isolation.py:159: in load_dependencies_module
    spec.loader.exec_module(module)
<frozen importlib._bootstrap_external>:936: in exec_module
    ???
<frozen importlib._bootstrap_external>:1073: in get_code
    ???
_ _ _ _ _ _ _ _ _ _ _ _ _ _ _ _ _ _ _ _ _ _ _ _ _ _ _ _ _ _ _ _ _ _ _ _ _ _ _ _ 

self = <_frozen_importlib_external.SourceFileLoader object at 0x7baaf1df9a50>
path = '/backend/app/dependencies.py'

>   ???
E   FileNotFoundError: [Errno 2] No such file or directory: '/backend/app/dependencies.py'

<frozen importlib._bootstrap_external>:1130: FileNotFoundError
_ RLSIsolationTests.test_tenant_qdrant_wrapper_enforces_tenant_filter_and_payload _

self = <tests.test_rls_isolation.RLSIsolationTests testMethod=test_tenant_qdrant_wrapper_enforces_tenant_filter_and_payload>

    def test_tenant_qdrant_wrapper_enforces_tenant_filter_and_payload(self):
>       deps, raw_qdrant, _create_client_calls = load_dependencies_module()
                                                 ^^^^^^^^^^^^^^^^^^^^^^^^^^

tests/test_rls_isolation.py:178: 
_ _ _ _ _ _ _ _ _ _ _ _ _ _ _ _ _ _ _ _ _ _ _ _ _ _ _ _ _ _ _ _ _ _ _ _ _ _ _ _ 
tests/test_rls_isolation.py:159: in load_dependencies_module
    spec.loader.exec_module(module)
<frozen importlib._bootstrap_external>:936: in exec_module
    ???
<frozen importlib._bootstrap_external>:1073: in get_code
    ???
_ _ _ _ _ _ _ _ _ _ _ _ _ _ _ _ _ _ _ _ _ _ _ _ _ _ _ _ _ _ _ _ _ _ _ _ _ _ _ _ 

self = <_frozen_importlib_external.SourceFileLoader object at 0x7baad88d2410>
path = '/backend/app/dependencies.py'

>   ???
E   FileNotFoundError: [Errno 2] No such file or directory: '/backend/app/dependencies.py'

<frozen importlib._bootstrap_external>:1130: FileNotFoundError
_ RLSIsolationTests.test_zero_trust_migration_locks_rls_to_org_id_and_storage_paths _

self = <tests.test_rls_isolation.RLSIsolationTests testMethod=test_zero_trust_migration_locks_rls_to_org_id_and_storage_paths>

    def test_zero_trust_migration_locks_rls_to_org_id_and_storage_paths(self):
>       sql = ZERO_TRUST_MIGRATION_PATH.read_text()
              ^^^^^^^^^^^^^^^^^^^^^^^^^^^^^^^^^^^^^

tests/test_rls_isolation.py:218: 
_ _ _ _ _ _ _ _ _ _ _ _ _ _ _ _ _ _ _ _ _ _ _ _ _ _ _ _ _ _ _ _ _ _ _ _ _ _ _ _ 
/usr/local/lib/python3.11/pathlib.py:1058: in read_text
    with self.open(mode='r', encoding=encoding, errors=errors) as f:
         ^^^^^^^^^^^^^^^^^^^^^^^^^^^^^^^^^^^^^^^^^^^^^^^^^^^^^
_ _ _ _ _ _ _ _ _ _ _ _ _ _ _ _ _ _ _ _ _ _ _ _ _ _ _ _ _ _ _ _ _ _ _ _ _ _ _ _ 

self = PosixPath('/backend/migrations/016_zero_trust_rls_lockdown.sql')
mode = 'r', buffering = -1, encoding = 'locale', errors = None, newline = None

    def open(self, mode='r', buffering=-1, encoding=None,
             errors=None, newline=None):
        """
        Open the file pointed by this path and return a file object, as
        the built-in open() function does.
        """
        if "b" not in mode:
            encoding = io.text_encoding(encoding)
>       return io.open(self, mode, buffering, encoding, errors, newline)
               ^^^^^^^^^^^^^^^^^^^^^^^^^^^^^^^^^^^^^^^^^^^^^^^^^^^^^^^^^
E       FileNotFoundError: [Errno 2] No such file or directory: '/backend/migrations/016_zero_trust_rls_lockdown.sql'

/usr/local/lib/python3.11/pathlib.py:1044: FileNotFoundError
_______ test_all_tenant_scoped_queries_have_tenant_filter[contracts.py] ________

filepath = '/app/tests/../app/routers/contracts.py'

    @pytest.mark.parametrize("filepath", get_router_files(), ids=lambda f: os.path.basename(f))
    def test_all_tenant_scoped_queries_have_tenant_filter(filepath):
        """
        CRITICAL TEST: Every Supabase SELECT, INSERT, UPDATE, UPSERT, DELETE on a
        tenant-scoped table must include a tenant_id filter or payload key.
        Failures here mean cross-tenant data leakage is possible.
        """
        violations = []
        queries = extract_query_contexts(filepath)
    
        for line_num, table_name, operation, chain_text, context_fn in queries:
            if table_name not in TENANT_SCOPED_TABLES:
                continue
    
            # Background task functions pass tenant_id as a parameter — the scanner
            # may miss it because it appears as a variable, not a JWT claim. These are
            # audited manually and noted in the audit report.
            if context_fn in BACKGROUND_TASK_EXEMPT_PATTERNS:
                continue
    
            if not has_tenant_filter(chain_text):
                violations.append(
                    f"  Line {line_num} (in {context_fn}): "
                    f".table(\"{table_name}\").{operation}() — MISSING tenant_id filter\n"
                    f"  Context: {chain_text[:200]}"
                )
    
        filename = os.path.basename(filepath)
>       assert len(violations) == 0, (
            f"\n🔴 TENANT ISOLATION VIOLATIONS in {filename}:\n"
            + "\n".join(violations)
            + "\n\nEvery query on a tenant-scoped table MUST include "
            ".eq('tenant_id', tenant_id) or 'tenant_id' in the data payload."
        )
E       AssertionError: 
E         🔴 TENANT ISOLATION VIOLATIONS in contracts.py:
E           Line 283 (in _create_contract_with_linked_version): .table("contracts").insert() — MISSING tenant_id filter
E           Context: supabase_client.table("contracts").insert(contract_payload).execute() 
E           Line 292 (in _create_contract_with_linked_version): .table("contract_versions").insert() — MISSING tenant_id filter
E           Context: supabase_client.table("contract_versions").insert(version_payload).execute() 
E           Line 981 (in upload_contract): .table("matters").select() — MISSING tenant_id filter
E           Context: matter_check = supabase.table("matters").select("tenant_id").eq("id", matter_id).execute() 
E         
E         Every query on a tenant-scoped table MUST include .eq('tenant_id', tenant_id) or 'tenant_id' in the data payload.
E       assert 3 == 0
E        +  where 3 = len(['  Line 283 (in _create_contract_with_linked_version): .table("contracts").insert() — MISSING tenant_id filter\n  Con...ant_id filter\n  Context: matter_check = supabase.table("matters").select("tenant_id").eq("id", matter_id).execute() '])

tests/test_tenant_isolation.py:190: AssertionError
_________ test_all_tenant_scoped_queries_have_tenant_filter[tasks.py] __________

filepath = '/app/tests/../app/routers/tasks.py'

    @pytest.mark.parametrize("filepath", get_router_files(), ids=lambda f: os.path.basename(f))
    def test_all_tenant_scoped_queries_have_tenant_filter(filepath):
        """
        CRITICAL TEST: Every Supabase SELECT, INSERT, UPDATE, UPSERT, DELETE on a
        tenant-scoped table must include a tenant_id filter or payload key.
        Failures here mean cross-tenant data leakage is possible.
        """
        violations = []
        queries = extract_query_contexts(filepath)
    
        for line_num, table_name, operation, chain_text, context_fn in queries:
            if table_name not in TENANT_SCOPED_TABLES:
                continue
    
            # Background task functions pass tenant_id as a parameter — the scanner
            # may miss it because it appears as a variable, not a JWT claim. These are
            # audited manually and noted in the audit report.
            if context_fn in BACKGROUND_TASK_EXEMPT_PATTERNS:
                continue
    
            if not has_tenant_filter(chain_text):
                violations.append(
                    f"  Line {line_num} (in {context_fn}): "
                    f".table(\"{table_name}\").{operation}() — MISSING tenant_id filter\n"
                    f"  Context: {chain_text[:200]}"
                )
    
        filename = os.path.basename(filepath)
>       assert len(violations) == 0, (
            f"\n🔴 TENANT ISOLATION VIOLATIONS in {filename}:\n"
            + "\n".join(violations)
            + "\n\nEvery query on a tenant-scoped table MUST include "
            ".eq('tenant_id', tenant_id) or 'tenant_id' in the data payload."
        )
E       AssertionError: 
E         🔴 TENANT ISOLATION VIOLATIONS in tasks.py:
E           Line 626 (in create_task): .table("tasks").insert() — MISSING tenant_id filter
E           Context: res = supabase.table("tasks").insert(payload).select().single().execute() 
E         
E         Every query on a tenant-scoped table MUST include .eq('tenant_id', tenant_id) or 'tenant_id' in the data payload.
E       assert 1 == 0
E        +  where 1 = len(['  Line 626 (in create_task): .table("tasks").insert() — MISSING tenant_id filter\n  Context: res = supabase.table("tasks").insert(payload).select().single().execute() '])

tests/test_tenant_isolation.py:190: AssertionError
________ test_all_tenant_scoped_queries_have_tenant_filter[signing.py] _________

filepath = '/app/tests/../app/routers/signing.py'

    @pytest.mark.parametrize("filepath", get_router_files(), ids=lambda f: os.path.basename(f))
    def test_all_tenant_scoped_queries_have_tenant_filter(filepath):
        """
        CRITICAL TEST: Every Supabase SELECT, INSERT, UPDATE, UPSERT, DELETE on a
        tenant-scoped table must include a tenant_id filter or payload key.
        Failures here mean cross-tenant data leakage is possible.
        """
        violations = []
        queries = extract_query_contexts(filepath)
    
        for line_num, table_name, operation, chain_text, context_fn in queries:
            if table_name not in TENANT_SCOPED_TABLES:
                continue
    
            # Background task functions pass tenant_id as a parameter — the scanner
            # may miss it because it appears as a variable, not a JWT claim. These are
            # audited manually and noted in the audit report.
            if context_fn in BACKGROUND_TASK_EXEMPT_PATTERNS:
                continue
    
            if not has_tenant_filter(chain_text):
                violations.append(
                    f"  Line {line_num} (in {context_fn}): "
                    f".table(\"{table_name}\").{operation}() — MISSING tenant_id filter\n"
                    f"  Context: {chain_text[:200]}"
                )
    
        filename = os.path.basename(filepath)
>       assert len(violations) == 0, (
            f"\n🔴 TENANT ISOLATION VIOLATIONS in {filename}:\n"
            + "\n".join(violations)
            + "\n\nEvery query on a tenant-scoped table MUST include "
            ".eq('tenant_id', tenant_id) or 'tenant_id' in the data payload."
        )
E       AssertionError: 
E         🔴 TENANT ISOLATION VIOLATIONS in signing.py:
E           Line 138 (in _log_activity_event): .table("activity_logs").insert() — MISSING tenant_id filter
E           Context: supabase_client.table("activity_logs").insert(rich_payload).execute() 
E           Line 141 (in _log_activity_event): .table("activity_logs").insert() — MISSING tenant_id filter
E           Context: supabase_client.table("activity_logs").insert(fallback_payload).execute() 
E         
E         Every query on a tenant-scoped table MUST include .eq('tenant_id', tenant_id) or 'tenant_id' in the data payload.
E       assert 2 == 0
E        +  where 2 = len(['  Line 138 (in _log_activity_event): .table("activity_logs").insert() — MISSING tenant_id filter\n  Context: supabas...t() — MISSING tenant_id filter\n  Context: supabase_client.table("activity_logs").insert(fallback_payload).execute() '])

tests/test_tenant_isolation.py:190: AssertionError
_____________ test_verified_tenant_id_is_set_from_jwt_claims_only ______________

    def test_verified_tenant_id_is_set_from_jwt_claims_only():
        """
        Validates that verify_clerk_token() sets verified_tenant_id from JWT org_id/sub
        and not from any header or body parameter.
        """
        import jwt as pyjwt
        from app.dependencies import verify_clerk_token
        import asyncio
    
        # Create a mock JWT payload
        mock_claims = {
            "sub": TENANT_A,
            "org_id": None,
            "exp": 9999999999,
            "iat": 1000000000,
        }
    
        with patch("app.dependencies.CLERK_PEM_KEY", "fake-key"), \
             patch("app.dependencies.jwt.decode", return_value=mock_claims):
    
            # Simulate a request with ONLY an Authorization header (no x-tenant-id)
>           result = asyncio.get_event_loop().run_until_complete(
                     ^^^^^^^^^^^^^^^^^^^^^^^^
                verify_clerk_token(authorization="Bearer faketoken123")
            )

tests/test_tenant_isolation.py:268: 
_ _ _ _ _ _ _ _ _ _ _ _ _ _ _ _ _ _ _ _ _ _ _ _ _ _ _ _ _ _ _ _ _ _ _ _ _ _ _ _ 

self = <asyncio.unix_events._UnixDefaultEventLoopPolicy object at 0x7baad87ff090>

    def get_event_loop(self):
        """Get the event loop for the current context.
    
        Returns an instance of EventLoop or raises an exception.
        """
        if (self._local._loop is None and
                not self._local._set_called and
                threading.current_thread() is threading.main_thread()):
            self.set_event_loop(self.new_event_loop())
    
        if self._local._loop is None:
>           raise RuntimeError('There is no current event loop in thread %r.'
                               % threading.current_thread().name)
E           RuntimeError: There is no current event loop in thread 'MainThread'.

/usr/local/lib/python3.11/asyncio/events.py:681: RuntimeError
_____________ test_org_id_takes_precedence_over_sub_for_tenant_id ______________

    def test_org_id_takes_precedence_over_sub_for_tenant_id():
        """
        When org_id is present in JWT, it must take precedence over sub.
        This is the Clerk multi-tenant org context.
        """
        import jwt as pyjwt
        from app.dependencies import verify_clerk_token
        import asyncio
    
        mock_claims = {
            "sub": TENANT_A,   # individual user
            "org_id": TENANT_B,  # org context — should win
            "exp": 9999999999,
            "iat": 1000000000,
        }
    
        with patch("app.dependencies.CLERK_PEM_KEY", "fake-key"), \
             patch("app.dependencies.jwt.decode", return_value=mock_claims):
    
>           result = asyncio.get_event_loop().run_until_complete(
                     ^^^^^^^^^^^^^^^^^^^^^^^^
                verify_clerk_token(authorization="Bearer faketoken123")
            )

tests/test_tenant_isolation.py:297: 
_ _ _ _ _ _ _ _ _ _ _ _ _ _ _ _ _ _ _ _ _ _ _ _ _ _ _ _ _ _ _ _ _ _ _ _ _ _ _ _ 

self = <asyncio.unix_events._UnixDefaultEventLoopPolicy object at 0x7baad87ff090>

    def get_event_loop(self):
        """Get the event loop for the current context.
    
        Returns an instance of EventLoop or raises an exception.
        """
        if (self._local._loop is None and
                not self._local._set_called and
                threading.current_thread() is threading.main_thread()):
            self.set_event_loop(self.new_event_loop())
    
        if self._local._loop is None:
>           raise RuntimeError('There is no current event loop in thread %r.'
                               % threading.current_thread().name)
E           RuntimeError: There is no current event loop in thread 'MainThread'.

/usr/local/lib/python3.11/asyncio/events.py:681: RuntimeError
________________ test_cross_tenant_matter_access_returns_empty _________________

    def test_cross_tenant_matter_access_returns_empty():
        """
        CRITICAL CROSS-TENANT RUNTIME TEST:
        Tenant B must not be able to read Tenant A's matters via the matters router.
        The Supabase .eq("tenant_id", tenant_b) filter must result in an empty dataset
        when the contract belongs to tenant_a.
        """
        # Simulate Supabase client that returns an empty list (correct isolation behavior)
        mock_supabase = MagicMock()
        mock_result = MagicMock()
        mock_result.data = []  # Correct: tenant B sees no data
    
        # Chain: .table().select().eq("tenant_id", TENANT_B).execute()
        mock_supabase.table.return_value.select.return_value.eq.return_value.execute.return_value = mock_result
    
        import asyncio
>       from app.routers.matters import get_matters

tests/test_tenant_isolation.py:323: 
_ _ _ _ _ _ _ _ _ _ _ _ _ _ _ _ _ _ _ _ _ _ _ _ _ _ _ _ _ _ _ _ _ _ _ _ _ _ _ _ 

    """
    Pariana Backend — Matters Router
    
    Handles:
      - POST /api/v1/matters  → Create a new matter
      - GET  /api/v1/matters  → List matters for the current tenant
      - GET  /api/v1/matters/{matter_id}/contracts → List documents in a matter
      - GET  /api/v1/matters/{matter_id}/genealogy → Return matter contracts + relationships
    
    Legacy /api/matters routes remain registered as backward-compatible aliases.
    
    Demonstrates the clean dependency injection pattern for all simple CRUD routers.
    """
    import uuid
    import traceback
>   from fastapi import APIRouter, HTTPException, Depends, Request
E   ImportError: cannot import name 'APIRouter' from 'fastapi' (unknown location)

app/routers/matters.py:16: ImportError
_______________ test_cross_tenant_contracts_access_returns_empty _______________

    def test_cross_tenant_contracts_access_returns_empty():
        """
        CRITICAL CROSS-TENANT RUNTIME TEST:
        Tenant B must not be able to read Tenant A's contracts via the contracts router.
        The Supabase filter must result in an empty dataset.
        """
        mock_supabase = MagicMock()
        mock_result = MagicMock()
        mock_result.data = []  # Tenant B sees no contract data
    
        # chain: .table().select().eq("tenant_id", TENANT_B).neq()...order().execute()
        mock_eq_tenant = mock_supabase.table.return_value.select.return_value.eq.return_value
        # Setting up the rest of the chained calls to return the mock_eq_tenant itself
        # so we can eventually call .execute() on it.
        mock_eq_tenant.in_.return_value = mock_eq_tenant
        mock_eq_tenant.neq.return_value = mock_eq_tenant
        mock_eq_tenant.order.return_value = mock_eq_tenant
        mock_eq_tenant.limit.return_value = mock_eq_tenant
        mock_eq_tenant.execute.return_value = mock_result
    
        import asyncio
>       from app.routers.contracts import list_contracts

tests/test_tenant_isolation.py:368: 
_ _ _ _ _ _ _ _ _ _ _ _ _ _ _ _ _ _ _ _ _ _ _ _ _ _ _ _ _ _ _ _ _ _ _ _ _ _ _ _ 

    """
    Pariana Backend — Contracts Router (Fully Refactored)
    
    Handles:
      - POST /api/upload              → Upload and process a PDF contract
      - POST /api/obligations/extract → AI extraction of obligations
    
    All synchronous OpenAI and Qdrant calls are wrapped in `asyncio.to_thread()`
    to prevent blocking the FastAPI event loop under concurrent load.
    """
    import io
    import re
    import asyncio
    import functools
    import uuid
    import traceback
    import json
    import logging
    
>   from fastapi import APIRouter, UploadFile, File, Form, HTTPException, Depends, Request
E   ImportError: cannot import name 'APIRouter' from 'fastapi' (unknown location)

app/routers/contracts.py:20: ImportError
__________ test_contracts_list_supports_recent_updated_sort_and_limit __________

    def test_contracts_list_supports_recent_updated_sort_and_limit():
        """
        The contracts list route must support the recent-documents widget query:
        sorted by updated_at and limited to 3 records while preserving tenant scope.
        """
        mock_supabase = MagicMock()
        mock_result = MagicMock()
        mock_result.data = [
            {"id": "c-1", "updated_at": "2026-04-14T09:00:00Z"},
            {"id": "c-2", "updated_at": "2026-04-14T08:00:00Z"},
            {"id": "c-3", "updated_at": "2026-04-14T07:00:00Z"},
        ]
    
        mock_eq_tenant = mock_supabase.table.return_value.select.return_value.eq.return_value
        mock_eq_tenant.in_.return_value = mock_eq_tenant
        mock_eq_tenant.neq.return_value = mock_eq_tenant
        mock_eq_tenant.order.return_value = mock_eq_tenant
        mock_eq_tenant.limit.return_value = mock_eq_tenant
        mock_eq_tenant.execute.return_value = mock_result
    
        import asyncio
>       from app.routers.contracts import list_contracts

tests/test_tenant_isolation.py:412: 
_ _ _ _ _ _ _ _ _ _ _ _ _ _ _ _ _ _ _ _ _ _ _ _ _ _ _ _ _ _ _ _ _ _ _ _ _ _ _ _ 

    """
    Pariana Backend — Contracts Router (Fully Refactored)
    
    Handles:
      - POST /api/upload              → Upload and process a PDF contract
      - POST /api/obligations/extract → AI extraction of obligations
    
    All synchronous OpenAI and Qdrant calls are wrapped in `asyncio.to_thread()`
    to prevent blocking the FastAPI event loop under concurrent load.
    """
    import io
    import re
    import asyncio
    import functools
    import uuid
    import traceback
    import json
    import logging
    
>   from fastapi import APIRouter, UploadFile, File, Form, HTTPException, Depends, Request
E   ImportError: cannot import name 'APIRouter' from 'fastapi' (unknown location)

app/routers/contracts.py:20: ImportError
=========================== short test summary info ============================
FAILED tests/test_playbook_vector_contract.py::test_playbook_vector_payload_uses_tenant_id_only
FAILED tests/test_playbook_vector_contract.py::test_playbook_vectorize_request_no_longer_requires_user_id
FAILED tests/test_playbook_vector_contract.py::test_negotiation_playbook_scroll_relies_on_tenant_wrapper
FAILED tests/test_playbook_vector_contract.py::test_chat_clause_assistant_uses_contextual_retrieval_tools
FAILED tests/test_rls_isolation.py::RLSIsolationTests::test_migration_hardens_rls_with_force_and_clerk_claim_helpers
FAILED tests/test_rls_isolation.py::RLSIsolationTests::test_supabase_rls_client_forwards_clerk_jwt_via_anon_client
FAILED tests/test_rls_isolation.py::RLSIsolationTests::test_tenant_qdrant_wrapper_enforces_tenant_filter_and_payload
FAILED tests/test_rls_isolation.py::RLSIsolationTests::test_zero_trust_migration_locks_rls_to_org_id_and_storage_paths
FAILED tests/test_tenant_isolation.py::test_all_tenant_scoped_queries_have_tenant_filter[contracts.py]
FAILED tests/test_tenant_isolation.py::test_all_tenant_scoped_queries_have_tenant_filter[tasks.py]
FAILED tests/test_tenant_isolation.py::test_all_tenant_scoped_queries_have_tenant_filter[signing.py]
FAILED tests/test_tenant_isolation.py::test_verified_tenant_id_is_set_from_jwt_claims_only
FAILED tests/test_tenant_isolation.py::test_org_id_takes_precedence_over_sub_for_tenant_id
FAILED tests/test_tenant_isolation.py::test_cross_tenant_matter_access_returns_empty
FAILED tests/test_tenant_isolation.py::test_cross_tenant_contracts_access_returns_empty
FAILED tests/test_tenant_isolation.py::test_contracts_list_supports_recent_updated_sort_and_limit
================== 16 failed, 67 passed, 1 skipped in 11.65s ===================
